* ******************************************************************************

* iCEcube Report

* Version:            2020.12.27943

* Build Date:         Dec  9 2020 17:31:51

* File Generated:     Mar 7 2026 11:38:52

* Purpose:            General info of design implementation

* Copyright (C) 2006-2010 by Lattice Semiconductor Corp. All rights reserved.

* ******************************************************************************

Synthesis/Placement Summary:
----------------------------
    Status:  Successful
    Runtime: 1 seconds

Device Info:
------------
    Device Family: iCE40
    Device:        iCE40HX1K
    Package:       VQ100

Design statistics:
------------------
    FFs:                  8
    LUTs:                 10
    RAMs:                 0
    IOBs:                 29
    GBs:                  1
    PLLs:                 0
    Warm Boots:           0

Logic Resource Utilization:
---------------------------
    Total Logic Cells: 10/1280
        Combinational Logic Cells: 2        out of   1280      0.15625%
        Sequential Logic Cells:    8        out of   1280      0.625%
        Logic Tiles:               5        out of   160       3.125%
    Registers: 
        Logic Registers:           8        out of   1280      0.625%
        IO Registers:              1        out of   560       0.178571
    Block RAMs:                    0        out of   16        0%
    Warm Boots:                    0        out of   1         0%
    Pins:
        Input Pins:                20       out of   72        27.7778%
        Output Pins:               9        out of   72        12.5%
        InOut Pins:                0        out of   72        0%
    Global Buffers:                1        out of   8         12.5%
    PLLs:                          0        out of   0       

IO Bank Utilization:
--------------------
    Bank 3: 14       out of   18        77.7778%
    Bank 1: 0        out of   19        0%
    Bank 0: 15       out of   19        78.9474%
    Bank 2: 0        out of   16        0%

Detailed I/O Info:
------------------
    Input Pins: 
    Pin Number  Direction  IO Standard  Pull Up  IO Bank  IO Function        Signal Name              
    ----------  ---------  -----------  -------  -------  -----------        -----------              
    8           Input      SB_LVCMOS    No       3        Simple Input       i_fsm_tx_status_byte[0]  
    12          Input      SB_LVCMOS    No       3        Simple Input       i_fsm_tx_status_byte[6]  
    13          Input      SB_LVCMOS    No       3        Simple Input       i_clk                    
    15          Input      SB_LVCMOS    No       3        Simple Input       i_fsm_tx_status_byte[7]  
    16          Input      SB_LVCMOS    No       3        Simple Input       i_send_tx_byte[6]        
    18          Input      SB_LVCMOS    No       3        Simple Input       i_send_tx_byte[7]        
    21          Input      SB_LVCMOS    No       3        Simple Input       i_fsm_tx_start_pulse     
    82          Input      SB_LVCMOS    No       0        Simple Input       i_fsm_tx_status_byte[1]  
    83          Input      SB_LVCMOS    No       0        Simple Input       i_fsm_tx_status_byte[2]  
    85          Input      SB_LVCMOS    No       0        Simple Input       i_fsm_tx_status_byte[3]  
    86          Input      SB_LVCMOS    No       0        Simple Input       i_fsm_tx_status_byte[4]  
    87          Input      SB_LVCMOS    No       0        Simple Input       i_fsm_tx_status_byte[5]  
    89          Input      SB_LVCMOS    No       0        Simple Input       i_rst                    
    90          Input      SB_LVCMOS    No       0        Simple Input       i_send_tx_byte[0]        
    91          Input      SB_LVCMOS    No       0        Simple Input       i_send_tx_byte[1]        
    93          Input      SB_LVCMOS    No       0        Simple Input       i_send_tx_byte[2]        
    94          Input      SB_LVCMOS    No       0        Simple Input       i_send_tx_byte[3]        
    95          Input      SB_LVCMOS    No       0        Simple Input       i_send_tx_byte[4]        
    96          Input      SB_LVCMOS    No       0        Simple Input       i_send_tx_byte[5]        
    97          Input      SB_LVCMOS    No       0        Simple Input       i_send_tx_start_pulse    

    Output Pins: 
    Pin Number  Direction  IO Standard  Pull Up  IO Bank  IO Function        Signal Name              
    ----------  ---------  -----------  -------  -------  -----------        -----------              
    1           Output     SB_LVCMOS    No       3        Simple Output      o_mux_tx_byte[2]         
    2           Output     SB_LVCMOS    No       3        Simple Output      o_mux_tx_byte[3]         
    3           Output     SB_LVCMOS    No       3        Simple Output      o_mux_tx_byte[4]         
    4           Output     SB_LVCMOS    No       3        Simple Output      o_mux_tx_byte[5]         
    7           Output     SB_LVCMOS    No       3        Output Registered  o_mux_tx_start_pulse     
    19          Output     SB_LVCMOS    No       3        Simple Output      o_mux_tx_byte[6]         
    25          Output     SB_LVCMOS    No       3        Simple Output      o_mux_tx_byte[7]         
    99          Output     SB_LVCMOS    No       0        Simple Output      o_mux_tx_byte[0]         
    100         Output     SB_LVCMOS    No       0        Simple Output      o_mux_tx_byte[1]         

Detailed Global Buffer Info:
----------------------------
    Buffer Number  IO Bank  Driven By  Fanout  Signal Name
    -------------  -------  ---------  ------  -----------
    4              3        IO         9       i_clk_c_g  
