* ******************************************************************************

* iCEcube Report

* Version:            2020.12.27943

* Build Date:         Dec  9 2020 17:31:51

* File Generated:     Mar 8 2026 13:45:55

* Purpose:            General info of design implementation

* Copyright (C) 2006-2010 by Lattice Semiconductor Corp. All rights reserved.

* ******************************************************************************

Synthesis/Placement Summary:
----------------------------
    Status:  Successful
    Runtime: 1 seconds

Device Info:
------------
    Device Family: iCE40
    Device:        iCE40HX1K
    Package:       VQ100

Design statistics:
------------------
    FFs:                  78
    LUTs:                 122
    RAMs:                 0
    IOBs:                 14
    GBs:                  3
    PLLs:                 0
    Warm Boots:           0

Logic Resource Utilization:
---------------------------
    Total Logic Cells: 138/1280
        Combinational Logic Cells: 60       out of   1280      4.6875%
        Sequential Logic Cells:    78       out of   1280      6.09375%
        Logic Tiles:               34       out of   160       21.25%
    Registers: 
        Logic Registers:           78       out of   1280      6.09375%
        IO Registers:              0        out of   560       0
    Block RAMs:                    0        out of   16        0%
    Warm Boots:                    0        out of   1         0%
    Pins:
        Input Pins:                11       out of   72        15.2778%
        Output Pins:               3        out of   72        4.16667%
        InOut Pins:                0        out of   72        0%
    Global Buffers:                3        out of   8         37.5%
    PLLs:                          0        out of   0       

IO Bank Utilization:
--------------------
    Bank 3: 11       out of   18        61.1111%
    Bank 1: 0        out of   19        0%
    Bank 0: 3        out of   19        15.7895%
    Bank 2: 0        out of   16        0%

Detailed I/O Info:
------------------
    Input Pins: 
    Pin Number  Direction  IO Standard  Pull Up  IO Bank  IO Function    Signal Name           
    ----------  ---------  -----------  -------  -------  -----------    -----------           
    8           Input      SB_LVCMOS    No       3        Simple Input   i_rst                 
    12          Input      SB_LVCMOS    No       3        Simple Input   i_mux_tx_byte[7]      
    13          Input      SB_LVCMOS    No       3        Simple Input   i_clk                 
    16          Input      SB_LVCMOS    No       3        Simple Input   i_mux_tx_byte[6]      
    19          Input      SB_LVCMOS    No       3        Simple Input   i_mux_tx_byte[5]      
    21          Input      SB_LVCMOS    No       3        Simple Input   i_mux_tx_byte[3]      
    24          Input      SB_LVCMOS    No       3        Simple Input   i_mux_tx_byte[1]      
    25          Input      SB_LVCMOS    No       3        Simple Input   i_mux_tx_start_pulse  
    97          Input      SB_LVCMOS    No       0        Simple Input   i_mux_tx_byte[2]      
    99          Input      SB_LVCMOS    No       0        Simple Input   i_mux_tx_byte[4]      
    100         Input      SB_LVCMOS    No       0        Simple Input   i_mux_tx_byte[0]      

    Output Pins: 
    Pin Number  Direction  IO Standard  Pull Up  IO Bank  IO Function    Signal Name           
    ----------  ---------  -----------  -------  -------  -----------    -----------           
    1           Output     SB_LVCMOS    No       3        Simple Output  o_UART_TX             
    3           Output     SB_LVCMOS    No       3        Simple Output  o_tx_busy             
    7           Output     SB_LVCMOS    No       3        Simple Output  o_UART_TX_LED         

Detailed Global Buffer Info:
----------------------------
    Buffer Number  IO Bank  Driven By  Fanout  Signal Name
    -------------  -------  ---------  ------  -----------
    4              3        IO         78      i_clk_c_g  
    6              3                   32      N_289_g    
    2              1                   32      N_355_g    
