* ******************************************************************************

* iCEcube Report

* Version:            2020.12.27943

* Build Date:         Dec  9 2020 17:31:51

* File Generated:     Mar 8 2026 07:11:20

* Purpose:            General info of design implementation

* Copyright (C) 2006-2010 by Lattice Semiconductor Corp. All rights reserved.

* ******************************************************************************

Synthesis/Placement Summary:
----------------------------
    Status:  Successful
    Runtime: 1 seconds

Device Info:
------------
    Device Family: iCE40
    Device:        iCE40HX1K
    Package:       VQ100

Design statistics:
------------------
    FFs:                  25
    LUTs:                 99
    RAMs:                 0
    IOBs:                 20
    GBs:                  2
    PLLs:                 0
    Warm Boots:           0

Logic Resource Utilization:
---------------------------
    Total Logic Cells: 99/1280
        Combinational Logic Cells: 74       out of   1280      5.78125%
        Sequential Logic Cells:    25       out of   1280      1.95313%
        Logic Tiles:               22       out of   160       13.75%
    Registers: 
        Logic Registers:           25       out of   1280      1.95313%
        IO Registers:              0        out of   560       0
    Block RAMs:                    0        out of   16        0%
    Warm Boots:                    0        out of   1         0%
    Pins:
        Input Pins:                8        out of   72        11.1111%
        Output Pins:               12       out of   72        16.6667%
        InOut Pins:                0        out of   72        0%
    Global Buffers:                2        out of   8         25%
    PLLs:                          0        out of   0       

IO Bank Utilization:
--------------------
    Bank 3: 12       out of   18        66.6667%
    Bank 1: 0        out of   19        0%
    Bank 0: 8        out of   19        42.1053%
    Bank 2: 0        out of   16        0%

Detailed I/O Info:
------------------
    Input Pins: 
    Pin Number  Direction  IO Standard  Pull Up  IO Bank  IO Function    Signal Name              
    ----------  ---------  -----------  -------  -------  -----------    -----------              
    13          Input      SB_LVCMOS    No       3        Simple Input   i_rst                    
    15          Input      SB_LVCMOS    No       3        Simple Input   i_clk                    
    16          Input      SB_LVCMOS    No       3        Simple Input   i_cmd_error_pulse        
    18          Input      SB_LVCMOS    No       3        Simple Input   i_read_cmd_pulse         
    19          Input      SB_LVCMOS    No       3        Simple Input   i_capture_done_pulse     
    21          Input      SB_LVCMOS    No       3        Simple Input   i_capture_cmd_pulse      
    25          Input      SB_LVCMOS    No       3        Simple Input   i_tx_busy                
    89          Input      SB_LVCMOS    No       0        Simple Input   i_send_done_pulse        

    Output Pins: 
    Pin Number  Direction  IO Standard  Pull Up  IO Bank  IO Function    Signal Name              
    ----------  ---------  -----------  -------  -------  -----------    -----------              
    2           Output     SB_LVCMOS    No       3        Simple Output  o_fsm_tx_status_byte[4]  
    4           Output     SB_LVCMOS    No       3        Simple Output  o_fsm_tx_status_byte[1]  
    8           Output     SB_LVCMOS    No       3        Simple Output  o_fsm_tx_status_byte[5]  
    9           Output     SB_LVCMOS    No       3        Simple Output  o_fsm_tx_start_pulse     
    12          Output     SB_LVCMOS    No       3        Simple Output  o_fsm_tx_status_byte[7]  
    90          Output     SB_LVCMOS    No       0        Simple Output  o_USER_LED               
    93          Output     SB_LVCMOS    No       0        Simple Output  o_fsm_tx_status_byte[6]  
    94          Output     SB_LVCMOS    No       0        Simple Output  o_fsm_tx_status_byte[2]  
    95          Output     SB_LVCMOS    No       0        Simple Output  o_capture_start_pulse    
    97          Output     SB_LVCMOS    No       0        Simple Output  o_send_start_pulse       
    99          Output     SB_LVCMOS    No       0        Simple Output  o_fsm_tx_status_byte[0]  
    100         Output     SB_LVCMOS    No       0        Simple Output  o_fsm_tx_status_byte[3]  

Detailed Global Buffer Info:
----------------------------
    Buffer Number  IO Bank  Driven By  Fanout  Signal Name
    -------------  -------  ---------  ------  -----------
    1              3        IO         25      i_clk_c_g  
    4              3        IO         26      i_rst_c_g  


Router Summary:
---------------
    Status:  Successful
    Runtime: 5 seconds

Routing Resource Utilization:
-----------------------------
              Local line of tile      774 out of  28666      2.70006%
                          Span 4      113 out of   6944      1.6273%
                         Span 12       17 out of   1440      1.18056%
                  Global network        2 out of      8      25%
      Vertical Inter-LUT Connect       27 out of   1120      2.41071%

